data/breakfast-at-the-frat/subsets/complete/7192100339-21485-complete.csv
"WEEK_END_DATE","STORE_NUM","UPC","UNITS","VISITS","HHS","SPEND","PRICE","BASE_PRICE","FEATURE","DISPLAY","TPR_ONLY","WEEK_END_DATE_2","YEAR","MONTH","DAY_OF_MONTH","ABS_DISCOUNT","REL_DISCOUNT"
"14-01-2009",21485,7192100339,12,11,11,71.88,5.99,6.3,1,1,0,2009-01-14,2009,1,14,-0.31,-0.0492063492063491
"21-01-2009",21485,7192100339,4,3,3,23.96,5.99,6.3,1,0,0,2009-01-21,2009,1,21,-0.31,-0.0492063492063491
"28-01-2009",21485,7192100339,7,6,6,44.03,6.29,6.29,0,0,0,2009-01-28,2009,1,28,0,0
"04-02-2009",21485,7192100339,8,7,7,50.32,6.29,6.29,0,0,0,2009-02-04,2009,2,4,0,0
"11-02-2009",21485,7192100339,9,6,6,57.33,6.37,6.37,0,0,0,2009-02-11,2009,2,11,0,0
"18-02-2009",21485,7192100339,12,10,10,76.68,6.39,6.39,0,0,0,2009-02-18,2009,2,18,0,0
"25-02-2009",21485,7192100339,5,5,5,31.95,6.39,6.39,0,0,0,2009-02-25,2009,2,25,0,0
"04-03-2009",21485,7192100339,4,3,3,25.32,6.33,6.33,0,0,0,2009-03-04,2009,3,4,0,0
"11-03-2009",21485,7192100339,6,4,4,35.94,5.99,5.99,0,0,0,2009-03-11,2009,3,11,0,0
"18-03-2009",21485,7192100339,10,9,9,59.9,5.99,5.99,0,0,0,2009-03-18,2009,3,18,0,0
"25-03-2009",21485,7192100339,10,9,9,60.3,6.03,6.03,0,0,0,2009-03-25,2009,3,25,0,0
"01-04-2009",21485,7192100339,17,15,15,93.33,5.49,6.03,1,1,0,2009-04-01,2009,4,1,-0.54,-0.0895522388059702
"08-04-2009",21485,7192100339,23,17,16,126.27,5.49,6.03,1,1,0,2009-04-08,2009,4,8,-0.54,-0.0895522388059702
"15-04-2009",21485,7192100339,6,4,4,39.54,6.59,6.59,0,0,0,2009-04-15,2009,4,15,0,0
"22-04-2009",21485,7192100339,6,6,6,39.54,6.59,6.59,0,0,0,2009-04-22,2009,4,22,0,0
"29-04-2009",21485,7192100339,3,3,3,19.77,6.59,6.59,0,0,0,2009-04-29,2009,4,29,0,0
"06-05-2009",21485,7192100339,7,6,6,46.13,6.59,6.59,0,0,0,2009-05-06,2009,5,6,0,0
"13-05-2009",21485,7192100339,3,3,3,19.77,6.59,6.59,0,0,0,2009-05-13,2009,5,13,0,0
"20-05-2009",21485,7192100339,10,8,8,61.1,6.11,6.11,0,0,0,2009-05-20,2009,5,20,0,0
"27-05-2009",21485,7192100339,9,9,9,44.91,4.99,6.11,1,0,0,2009-05-27,2009,5,27,-1.12,-0.183306055646481
"03-06-2009",21485,7192100339,5,7,7,24.95,4.99,6.11,1,0,0,2009-06-03,2009,6,3,-1.12,-0.183306055646481
"10-06-2009",21485,7192100339,7,7,7,46.13,6.59,6.11,0,1,0,2009-06-10,2009,6,10,0.48,0.0785597381342061
"17-06-2009",21485,7192100339,8,7,7,52.72,6.59,6.11,0,1,0,2009-06-17,2009,6,17,0.48,0.0785597381342061
"24-06-2009",21485,7192100339,9,9,9,59.31,6.59,6.59,0,0,0,2009-06-24,2009,6,24,0,0
"01-07-2009",21485,7192100339,10,8,8,62.7,6.27,6.27,0,0,0,2009-07-01,2009,7,1,0,0
"08-07-2009",21485,7192100339,11,10,10,54.89,4.99,6.27,1,1,0,2009-07-08,2009,7,8,-1.28,-0.20414673046252
"15-07-2009",21485,7192100339,11,10,10,54.89,4.99,6.27,1,0,0,2009-07-15,2009,7,15,-1.28,-0.20414673046252
"22-07-2009",21485,7192100339,12,8,8,79.08,6.59,6.59,0,0,0,2009-07-22,2009,7,22,0,0
"29-07-2009",21485,7192100339,7,7,7,46.13,6.59,6.59,0,0,0,2009-07-29,2009,7,29,0,0
"05-08-2009",21485,7192100339,8,6,6,52.72,6.59,6.59,0,0,0,2009-08-05,2009,8,5,0,0
"12-08-2009",21485,7192100339,10,8,8,65.9,6.59,6.59,0,0,0,2009-08-12,2009,8,12,0,0
"19-08-2009",21485,7192100339,10,8,8,65.9,6.59,6.59,0,0,0,2009-08-19,2009,8,19,0,0
"26-08-2009",21485,7192100339,6,6,6,39.54,6.59,6.59,0,0,0,2009-08-26,2009,8,26,0,0
"02-09-2009",21485,7192100339,1,1,1,6.59,6.59,6.59,0,0,0,2009-09-02,2009,9,2,0,0
"09-09-2009",21485,7192100339,10,9,9,65.9,6.59,6.59,0,0,0,2009-09-09,2009,9,9,0,0
"16-09-2009",21485,7192100339,7,6,5,46.13,6.59,6.59,0,0,0,2009-09-16,2009,9,16,0,0
"23-09-2009",21485,7192100339,58,45,45,261.58,4.51,6.59,1,1,0,2009-09-23,2009,9,23,-2.08,-0.315629742033384
"30-09-2009",21485,7192100339,23,21,21,104.88,4.56,6.59,1,1,0,2009-09-30,2009,9,30,-2.03,-0.30804248861912
"07-10-2009",21485,7192100339,25,21,19,111.75,4.47,6.59,0,1,0,2009-10-07,2009,10,7,-2.12,-0.321699544764795
"14-10-2009",21485,7192100339,9,7,7,40.23,4.47,6.59,0,0,1,2009-10-14,2009,10,14,-2.12,-0.321699544764795
"21-10-2009",21485,7192100339,8,7,7,52.72,6.59,6.59,0,0,0,2009-10-21,2009,10,21,0,0
"28-10-2009",21485,7192100339,3,3,3,19.77,6.59,6.59,0,0,0,2009-10-28,2009,10,28,0,0
"04-11-2009",21485,7192100339,8,7,7,52.72,6.59,6.59,0,0,0,2009-11-04,2009,11,4,0,0
"11-11-2009",21485,7192100339,12,10,9,76.92,6.41,6.41,0,0,0,2009-11-11,2009,11,11,0,0
"18-11-2009",21485,7192100339,12,11,11,65.88,5.49,6.41,1,1,0,2009-11-18,2009,11,18,-0.92,-0.143525741029641
"25-11-2009",21485,7192100339,10,9,9,54.9,5.49,6.41,1,0,0,2009-11-25,2009,11,25,-0.92,-0.143525741029641
"02-12-2009",21485,7192100339,8,7,7,43.92,5.49,6.41,1,0,0,2009-12-02,2009,12,2,-0.92,-0.143525741029641
"09-12-2009",21485,7192100339,12,9,9,79.08,6.59,6.59,0,0,0,2009-12-09,2009,12,9,0,0
"16-12-2009",21485,7192100339,6,6,6,39.54,6.59,6.59,0,0,0,2009-12-16,2009,12,16,0,0
"23-12-2009",21485,7192100339,6,4,4,39.54,6.59,6.59,0,0,0,2009-12-23,2009,12,23,0,0
"30-12-2009",21485,7192100339,7,7,7,46.13,6.59,6.59,0,0,0,2009-12-30,2009,12,30,0,0
"06-01-2010",21485,7192100339,4,4,4,26.36,6.59,6.59,0,0,0,2010-01-06,2010,1,6,0,0
"13-01-2010",21485,7192100339,10,9,9,65.9,6.59,6.59,0,0,0,2010-01-13,2010,1,13,0,0
"20-01-2010",21485,7192100339,2,2,2,13.18,6.59,6.59,0,0,0,2010-01-20,2010,1,20,0,0
"27-01-2010",21485,7192100339,20,17,17,99.8,4.99,6.59,1,0,0,2010-01-27,2010,1,27,-1.6,-0.242792109256449
"03-02-2010",21485,7192100339,4,4,4,26.36,6.59,6.59,0,0,0,2010-02-03,2010,2,3,0,0
"10-02-2010",21485,7192100339,9,7,7,59.31,6.59,6.59,0,0,0,2010-02-10,2010,2,10,0,0
"17-02-2010",21485,7192100339,6,6,6,39.54,6.59,6.59,0,0,0,2010-02-17,2010,2,17,0,0
"24-02-2010",21485,7192100339,5,5,5,32.95,6.59,6.59,0,0,0,2010-02-24,2010,2,24,0,0
"03-03-2010",21485,7192100339,5,4,4,32.95,6.59,6.59,0,0,0,2010-03-03,2010,3,3,0,0
"10-03-2010",21485,7192100339,16,14,14,71.52,4.47,6.59,1,1,0,2010-03-10,2010,3,10,-2.12,-0.321699544764795
"17-03-2010",21485,7192100339,16,14,14,71.52,4.47,6.59,0,1,0,2010-03-17,2010,3,17,-2.12,-0.321699544764795
"24-03-2010",21485,7192100339,27,22,22,120.69,4.47,6.59,1,0,0,2010-03-24,2010,3,24,-2.12,-0.321699544764795
"31-03-2010",21485,7192100339,23,20,20,104.88,4.56,6.59,1,1,0,2010-03-31,2010,3,31,-2.03,-0.30804248861912
"07-04-2010",21485,7192100339,6,6,6,39.54,6.59,6.59,0,0,0,2010-04-07,2010,4,7,0,0
"14-04-2010",21485,7192100339,8,6,6,52.72,6.59,6.59,0,0,0,2010-04-14,2010,4,14,0,0
"21-04-2010",21485,7192100339,4,3,3,26.36,6.59,6.59,0,0,0,2010-04-21,2010,4,21,0,0
"28-04-2010",21485,7192100339,5,5,5,32.95,6.59,6.59,0,0,0,2010-04-28,2010,4,28,0,0
"05-05-2010",21485,7192100339,6,6,6,39.54,6.59,6.59,0,0,0,2010-05-05,2010,5,5,0,0
"12-05-2010",21485,7192100339,6,5,5,39.54,6.59,6.59,0,0,0,2010-05-12,2010,5,12,0,0
"19-05-2010",21485,7192100339,6,6,6,39.54,6.59,6.59,0,0,0,2010-05-19,2010,5,19,0,0
"26-05-2010",21485,7192100339,2,2,2,13.18,6.59,6.59,0,0,0,2010-05-26,2010,5,26,0,0
"02-06-2010",21485,7192100339,3,3,3,19.77,6.59,6.59,0,0,0,2010-06-02,2010,6,2,0,0
"09-06-2010",21485,7192100339,8,7,7,47.92,5.99,5.99,0,0,0,2010-06-09,2010,6,9,0,0
"16-06-2010",21485,7192100339,11,11,11,54.89,4.99,5.99,1,1,0,2010-06-16,2010,6,16,-1,-0.1669449081803
"23-06-2010",21485,7192100339,16,14,14,79.84,4.99,5.99,1,1,0,2010-06-23,2010,6,23,-1,-0.1669449081803
"30-06-2010",21485,7192100339,3,3,3,19.77,6.59,6.59,0,0,0,2010-06-30,2010,6,30,0,0
"07-07-2010",21485,7192100339,2,2,2,13.18,6.59,6.59,0,0,0,2010-07-07,2010,7,7,0,0
"14-07-2010",21485,7192100339,15,14,14,73.35,4.89,6.59,1,1,0,2010-07-14,2010,7,14,-1.7,-0.257966616084977
"21-07-2010",21485,7192100339,5,5,5,32.95,6.59,6.59,0,0,0,2010-07-21,2010,7,21,0,0
"28-07-2010",21485,7192100339,10,9,9,65.9,6.59,6.59,0,0,0,2010-07-28,2010,7,28,0,0
"04-08-2010",21485,7192100339,7,6,6,46.13,6.59,6.59,0,0,0,2010-08-04,2010,8,4,0,0
"11-08-2010",21485,7192100339,7,6,6,46.13,6.59,6.59,0,0,0,2010-08-11,2010,8,11,0,0
"18-08-2010",21485,7192100339,16,15,15,79.84,4.99,6.59,1,1,0,2010-08-18,2010,8,18,-1.6,-0.242792109256449
"25-08-2010",21485,7192100339,25,22,22,124.75,4.99,6.59,1,1,0,2010-08-25,2010,8,25,-1.6,-0.242792109256449
"01-09-2010",21485,7192100339,10,9,9,49.9,4.99,6.59,0,0,1,2010-09-01,2010,9,1,-1.6,-0.242792109256449
"08-09-2010",21485,7192100339,13,10,9,64.87,4.99,6.59,0,0,1,2010-09-08,2010,9,8,-1.6,-0.242792109256449
"15-09-2010",21485,7192100339,15,12,12,74.85,4.99,6.59,0,0,1,2010-09-15,2010,9,15,-1.6,-0.242792109256449
"22-09-2010",21485,7192100339,18,15,15,85.86,4.77,6.59,1,0,0,2010-09-22,2010,9,22,-1.82,-0.276176024279211
"29-09-2010",21485,7192100339,7,7,7,34.93,4.99,6.59,0,0,1,2010-09-29,2010,9,29,-1.6,-0.242792109256449
"06-10-2010",21485,7192100339,18,14,14,89.82,4.99,6.59,0,0,1,2010-10-06,2010,10,6,-1.6,-0.242792109256449
"13-10-2010",21485,7192100339,17,16,16,76.33,4.49,6.59,1,0,0,2010-10-13,2010,10,13,-2.1,-0.31866464339909
"20-10-2010",21485,7192100339,15,13,13,67.35,4.49,6.59,1,0,0,2010-10-20,2010,10,20,-2.1,-0.31866464339909
"27-10-2010",21485,7192100339,6,5,5,34.8,5.8,6.59,0,0,1,2010-10-27,2010,10,27,-0.79,-0.119878603945372
"03-11-2010",21485,7192100339,7,6,6,46.13,6.59,6.59,0,0,0,2010-11-03,2010,11,3,0,0
"10-11-2010",21485,7192100339,10,8,8,65.9,6.59,6.59,0,0,0,2010-11-10,2010,11,10,0,0
"17-11-2010",21485,7192100339,13,11,10,85.67,6.59,6.59,0,0,0,2010-11-17,2010,11,17,0,0
"24-11-2010",21485,7192100339,15,13,13,82.5,5.5,6.59,1,1,0,2010-11-24,2010,11,24,-1.09,-0.165402124430956
"01-12-2010",21485,7192100339,3,3,3,16.5,5.5,6.59,1,0,0,2010-12-01,2010,12,1,-1.09,-0.165402124430956
"08-12-2010",21485,7192100339,10,9,9,65.9,6.59,6.59,0,0,0,2010-12-08,2010,12,8,0,0
"15-12-2010",21485,7192100339,2,2,2,13.18,6.59,6.59,0,0,0,2010-12-15,2010,12,15,0,0
"22-12-2010",21485,7192100339,13,11,11,85.67,6.59,6.59,0,0,0,2010-12-22,2010,12,22,0,0
"29-12-2010",21485,7192100339,8,7,7,52.72,6.59,6.59,0,0,0,2010-12-29,2010,12,29,0,0
"05-01-2011",21485,7192100339,5,5,5,32.95,6.59,6.59,0,0,0,2011-01-05,2011,1,5,0,0
"12-01-2011",21485,7192100339,6,6,6,39.54,6.59,6.59,0,0,0,2011-01-12,2011,1,12,0,0
"19-01-2011",21485,7192100339,3,3,3,19.77,6.59,6.59,0,0,0,2011-01-19,2011,1,19,0,0
"26-01-2011",21485,7192100339,3,3,3,19.77,6.59,6.59,0,0,0,2011-01-26,2011,1,26,0,0
"02-02-2011",21485,7192100339,25,22,22,124.75,4.99,6.59,0,1,0,2011-02-02,2011,2,2,-1.6,-0.242792109256449
"09-02-2011",21485,7192100339,22,19,19,111.32,5.06,6.59,1,0,0,2011-02-09,2011,2,9,-1.53,-0.23216995447648
"16-02-2011",21485,7192100339,12,11,10,79.08,6.59,6.59,0,0,0,2011-02-16,2011,2,16,0,0
"23-02-2011",21485,7192100339,11,9,9,72.49,6.59,6.59,0,0,0,2011-02-23,2011,2,23,0,0
"02-03-2011",21485,7192100339,5,5,5,32.95,6.59,6.59,0,0,0,2011-03-02,2011,3,2,0,0
"09-03-2011",21485,7192100339,26,23,23,124.02,4.77,6.59,1,1,0,2011-03-09,2011,3,9,-1.82,-0.276176024279211
"16-03-2011",21485,7192100339,22,20,20,104.94,4.77,6.59,1,1,0,2011-03-16,2011,3,16,-1.82,-0.276176024279211
"23-03-2011",21485,7192100339,22,18,18,106.7,4.85,6.59,1,0,0,2011-03-23,2011,3,23,-1.74,-0.264036418816389
"30-03-2011",21485,7192100339,19,16,16,92.53,4.87,6.59,1,0,0,2011-03-30,2011,3,30,-1.72,-0.261001517450683
"06-04-2011",21485,7192100339,9,7,7,42.12,4.68,6.59,1,0,0,2011-04-06,2011,4,6,-1.91,-0.289833080424886
"13-04-2011",21485,7192100339,5,4,4,32.95,6.59,6.59,0,0,0,2011-04-13,2011,4,13,0,0
"20-04-2011",21485,7192100339,4,4,4,26.36,6.59,6.59,0,0,0,2011-04-20,2011,4,20,0,0
"27-04-2011",21485,7192100339,5,5,5,33.75,6.75,6.75,0,0,0,2011-04-27,2011,4,27,0,0
"04-05-2011",21485,7192100339,14,11,11,70,5,6.75,1,0,0,2011-05-04,2011,5,4,-1.75,-0.259259259259259
"11-05-2011",21485,7192100339,2,1,1,13.58,6.79,6.79,0,0,0,2011-05-11,2011,5,11,0,0
"18-05-2011",21485,7192100339,20,17,17,111.4,5.57,6.79,0,0,1,2011-05-18,2011,5,18,-1.22,-0.179675994108984
"25-05-2011",21485,7192100339,3,2,2,15.81,5.27,6.79,0,0,1,2011-05-25,2011,5,25,-1.52,-0.223858615611193
"01-06-2011",21485,7192100339,9,6,6,47.43,5.27,6.79,0,0,1,2011-06-01,2011,6,1,-1.52,-0.223858615611193
"08-06-2011",21485,7192100339,25,25,25,131.75,5.27,6.79,1,1,0,2011-06-08,2011,6,8,-1.52,-0.223858615611193
"15-06-2011",21485,7192100339,24,19,19,126.48,5.27,6.79,1,1,0,2011-06-15,2011,6,15,-1.52,-0.223858615611193
"22-06-2011",21485,7192100339,19,15,15,100.13,5.27,6.79,0,0,1,2011-06-22,2011,6,22,-1.52,-0.223858615611193
"29-06-2011",21485,7192100339,8,8,8,42.16,5.27,6.79,0,0,1,2011-06-29,2011,6,29,-1.52,-0.223858615611193
"06-07-2011",21485,7192100339,13,10,10,65.13,5.01,6.79,1,0,0,2011-07-06,2011,7,6,-1.78,-0.262150220913108
"13-07-2011",21485,7192100339,18,16,16,89.82,4.99,6.79,1,0,0,2011-07-13,2011,7,13,-1.8,-0.265095729013255
"20-07-2011",21485,7192100339,14,12,12,76.86,5.49,6.79,0,0,1,2011-07-20,2011,7,20,-1.3,-0.191458026509573
"27-07-2011",21485,7192100339,7,6,6,38.43,5.49,5.49,0,0,0,2011-07-27,2011,7,27,0,0
"03-08-2011",21485,7192100339,14,12,12,76.86,5.49,5.49,0,0,0,2011-08-03,2011,8,3,0,0
"10-08-2011",21485,7192100339,18,16,16,98.82,5.49,5.49,1,1,0,2011-08-10,2011,8,10,0,0
"17-08-2011",21485,7192100339,14,13,13,76.86,5.49,5.49,1,1,0,2011-08-17,2011,8,17,0,0
"24-08-2011",21485,7192100339,8,8,8,43.92,5.49,5.49,0,0,0,2011-08-24,2011,8,24,0,0
"31-08-2011",21485,7192100339,13,12,12,71.37,5.49,5.49,0,0,0,2011-08-31,2011,8,31,0,0
"07-09-2011",21485,7192100339,13,13,13,71.37,5.49,5.49,0,0,0,2011-09-07,2011,9,7,0,0
"14-09-2011",21485,7192100339,14,13,12,76.86,5.49,5.49,0,0,0,2011-09-14,2011,9,14,0,0
"21-09-2011",21485,7192100339,36,35,35,190.08,5.28,5.49,1,1,0,2011-09-21,2011,9,21,-0.21,-0.0382513661202186
"28-09-2011",21485,7192100339,16,13,13,84.8,5.3,5.49,1,0,0,2011-09-28,2011,9,28,-0.19,-0.034608378870674
"05-10-2011",21485,7192100339,12,10,10,63.72,5.31,5.31,0,0,0,2011-10-05,2011,10,5,0,0
"12-10-2011",21485,7192100339,12,11,11,63.24,5.27,5.27,0,0,0,2011-10-12,2011,10,12,0,0
"19-10-2011",21485,7192100339,11,9,9,57.97,5.27,5.27,0,0,0,2011-10-19,2011,10,19,0,0
"26-10-2011",21485,7192100339,3,3,3,15.81,5.27,5.27,0,0,0,2011-10-26,2011,10,26,0,0
"02-11-2011",21485,7192100339,10,8,8,52.7,5.27,5.27,0,0,0,2011-11-02,2011,11,2,0,0
"09-11-2011",21485,7192100339,9,8,8,47.43,5.27,5.27,0,0,0,2011-11-09,2011,11,9,0,0
"16-11-2011",21485,7192100339,20,15,15,105.4,5.27,5.27,0,0,0,2011-11-16,2011,11,16,0,0
"23-11-2011",21485,7192100339,20,19,18,105.4,5.27,5.27,1,1,0,2011-11-23,2011,11,23,0,0
"30-11-2011",21485,7192100339,17,16,16,89.59,5.27,5.27,1,1,0,2011-11-30,2011,11,30,0,0
"07-12-2011",21485,7192100339,12,10,10,63.24,5.27,5.27,0,0,0,2011-12-07,2011,12,7,0,0
"14-12-2011",21485,7192100339,9,9,9,47.43,5.27,5.27,0,0,0,2011-12-14,2011,12,14,0,0
"21-12-2011",21485,7192100339,2,2,2,10.54,5.27,5.27,0,0,0,2011-12-21,2011,12,21,0,0
"28-12-2011",21485,7192100339,4,4,4,21.08,5.27,5.27,0,0,0,2011-12-28,2011,12,28,0,0
"04-01-2012",21485,7192100339,35,27,26,175,5,5.27,1,1,0,2012-01-04,2012,1,4,-0.27,-0.0512333965844401
